// Jest Snapshot v1, https://goo.gl/fbAQLP

exports[`Test deputies normalization with seeds 1`] = `
Object {
  "entities": Object {
    "adresse": Object {
      "Assemblée nationale, 126 Rue de l'Université, 75355 Paris 07 SP": Object {
        "adresse": "Assemblée nationale, 126 Rue de l'Université, 75355 Paris 07 SP",
      },
    },
    "depute": Object {
      "1": Object {
        "adresses": Array [
          "Assemblée nationale, 126 Rue de l'Université, 75355 Paris 07 SP",
        ],
        "anciens_autres_mandats": Array [],
        "anciens_mandats": Array [
          "21/06/2017 /  / ",
        ],
        "autres_mandats": Array [],
        "collaborateurs": Array [
          Object {
            "collaborateur": "M. Yassine Id-Nasser Medjani",
          },
          Object {
            "collaborateur": "M. Yanis Lahmeri",
          },
          Object {
            "collaborateur": "Mme Morgane Reclus",
          },
          Object {
            "collaborateur": "Mme Caroline Puisségur-Ripet",
          },
        ],
        "date_naissance": "1972-10-10",
        "emails": Array [
          "cedric.roussel@assemblee-nationale.fr",
          "6circo03@en-marche.fr",
        ],
        "groupe_sigle": "LREM",
        "id": 1,
        "id_an": "718902",
        "image120": "https://www.nosdeputes.fr/depute/photo/cedric-roussel/120",
        "image15": "https://www.nosdeputes.fr/depute/photo/cedric-roussel/15",
        "image30": "https://www.nosdeputes.fr/depute/photo/cedric-roussel/30",
        "image60": "https://www.nosdeputes.fr/depute/photo/cedric-roussel/60",
        "imageDynamic": [Function],
        "lieu_naissance": "Brest (Finistère)",
        "mandat_debut": "2017-06-21",
        "nbMandatsTotaux": 1,
        "nb_mandats": 1,
        "nom": "Cédric Roussel",
        "nom_circo": "Alpes-Maritimes",
        "nom_de_famille": "Roussel",
        "num_circo": 3,
        "num_deptmt": "06",
        "parti_ratt_financier": "En marche !",
        "place_en_hemicycle": "309",
        "prenom": "Cédric",
        "profession": "Conseiller en gestion de patrimoine indépendant",
        "sexe": "H",
        "sites_web": Array [
          "https://twitter.com/CedricRoussel06",
          "https://fr-fr.facebook.com/CRoussel06/",
          "http://cedricroussel.en-marche.fr",
          "https://www.cedricroussel.fr",
        ],
        "slug": "cedric-roussel",
        "twitter": "CedricRoussel06",
        "url_an": "http://www2.assemblee-nationale.fr/deputes/fiche/OMC_PA718902",
        "url_nosdeputes": "https://www.nosdeputes.fr/cedric-roussel",
        "url_nosdeputes_api": "https://www.nosdeputes.fr/cedric-roussel/json",
      },
      "2": Object {
        "adresses": Array [
          "Assemblée nationale, 126 Rue de l'Université, 75355 Paris 07 SP",
        ],
        "anciens_autres_mandats": Array [],
        "anciens_mandats": Array [
          "21/06/2017 /  / ",
        ],
        "autres_mandats": Array [],
        "collaborateurs": Array [
          Object {
            "collaborateur": "M. Pierre Perret",
          },
          Object {
            "collaborateur": "Mme Moufida Goucha",
          },
          Object {
            "collaborateur": "Mme Feriel Herlaut",
          },
        ],
        "date_naissance": "1980-03-08",
        "emails": Array [
          "nadia.hai@assemblee-nationale.fr",
        ],
        "groupe_sigle": "LREM",
        "id": 2,
        "id_an": "722054",
        "image120": "https://www.nosdeputes.fr/depute/photo/nadia-hai/120",
        "image15": "https://www.nosdeputes.fr/depute/photo/nadia-hai/15",
        "image30": "https://www.nosdeputes.fr/depute/photo/nadia-hai/30",
        "image60": "https://www.nosdeputes.fr/depute/photo/nadia-hai/60",
        "imageDynamic": [Function],
        "lieu_naissance": "Trappes (Yvelines)",
        "mandat_debut": "2017-06-21",
        "nbMandatsTotaux": 1,
        "nb_mandats": 1,
        "nom": "Nadia Hai",
        "nom_circo": "Yvelines",
        "nom_de_famille": "Hai",
        "num_circo": 11,
        "num_deptmt": "78",
        "parti_ratt_financier": "En marche !",
        "place_en_hemicycle": "349",
        "prenom": "Nadia",
        "profession": "Autre cadre (secteur privé)",
        "sexe": "F",
        "sites_web": Array [
          "https://twitter.com/NadiaHai78",
          "https://fr-fr.facebook.com/NadiaHai7811/",
          "http://www.rem-circo7811.fr",
        ],
        "slug": "nadia-hai",
        "twitter": "NadiaHai78",
        "url_an": "http://www2.assemblee-nationale.fr/deputes/fiche/OMC_PA722054",
        "url_nosdeputes": "https://www.nosdeputes.fr/nadia-hai",
        "url_nosdeputes_api": "https://www.nosdeputes.fr/nadia-hai/json",
      },
    },
    "email": Object {
      "6circo03@en-marche.fr": Object {
        "email": "6circo03@en-marche.fr",
      },
      "cedric.roussel@assemblee-nationale.fr": Object {
        "email": "cedric.roussel@assemblee-nationale.fr",
      },
      "nadia.hai@assemblee-nationale.fr": Object {
        "email": "nadia.hai@assemblee-nationale.fr",
      },
    },
    "mandat": Object {
      "21/06/2017 /  / ": Object {
        "mandat": "21/06/2017 /  / ",
      },
    },
    "site": Object {
      "http://cedricroussel.en-marche.fr": Object {
        "site": "http://cedricroussel.en-marche.fr",
      },
      "http://www.rem-circo7811.fr": Object {
        "site": "http://www.rem-circo7811.fr",
      },
      "https://fr-fr.facebook.com/CRoussel06/": Object {
        "site": "https://fr-fr.facebook.com/CRoussel06/",
      },
      "https://fr-fr.facebook.com/NadiaHai7811/": Object {
        "site": "https://fr-fr.facebook.com/NadiaHai7811/",
      },
      "https://twitter.com/CedricRoussel06": Object {
        "site": "https://twitter.com/CedricRoussel06",
      },
      "https://twitter.com/NadiaHai78": Object {
        "site": "https://twitter.com/NadiaHai78",
      },
      "https://www.cedricroussel.fr": Object {
        "site": "https://www.cedricroussel.fr",
      },
    },
  },
  "result": Array [
    1,
    2,
  ],
}
`;

exports[`Test deputy normalization with seed 1`] = `
Object {
  "entities": Object {
    "depute": Object {
      "undefined": Object {
        "0": Object {
          "mandat": "21/06/2017 /  / ",
        },
        "1": Object {
          "collaborateur": "M. Yanis Lahmeri",
        },
        "2": Object {
          "collaborateur": "Mme Morgane Reclus",
        },
        "3": Object {
          "collaborateur": "Mme Caroline Puisségur-Ripet",
        },
        "image120": "https://www.nosdeputes.fr/depute/photo/undefined/120",
        "image15": "https://www.nosdeputes.fr/depute/photo/undefined/15",
        "image30": "https://www.nosdeputes.fr/depute/photo/undefined/30",
        "image60": "https://www.nosdeputes.fr/depute/photo/undefined/60",
        "imageDynamic": [Function],
        "nbMandatsTotaux": 0,
      },
    },
  },
  "result": Array [
    1,
    "Cédric Roussel",
    "Roussel",
    "Cédric",
    "H",
    "1972-10-10",
    "Brest (Finistère)",
    "06",
    "Alpes-Maritimes",
    3,
    "2017-06-21",
    "LREM",
    "En marche !",
    undefined,
    undefined,
    undefined,
    undefined,
    undefined,
    undefined,
    undefined,
    "Conseiller en gestion de patrimoine indépendant",
    "309",
    "http://www2.assemblee-nationale.fr/deputes/fiche/OMC_PA718902",
    "718902",
    "cedric-roussel",
    "https://www.nosdeputes.fr/cedric-roussel",
    "https://www.nosdeputes.fr/cedric-roussel/json",
    1,
    "CedricRoussel06",
  ],
}
`;
